
> agrotrack-frontend@0.0.0 build
> tsc -b && vite build

vite.config.ts(3,18): error TS2307: Cannot find module 'path' or its corresponding type declarations.
vite.config.ts(10,31): error TS2304: Cannot find name '__dirname'.
