src/components/PrivateRoute.tsx(1,1): error TS6133: 'React' is declared but its value is never read.
src/layouts/MainLayout.tsx(9,5): error TS6133: 'Settings' is declared but its value is never read.
src/layouts/MainLayout.tsx(12,5): error TS6133: 'X' is declared but its value is never read.
src/pages/Dashboard.tsx(1,8): error TS6133: 'React' is declared but its value is never read.
src/pages/Dashboard.tsx(3,32): error TS6133: 'Users' is declared but its value is never read.
src/pages/Dashboard.tsx(5,1): error TS6133: 'api' is declared but its value is never read.
src/pages/EquipmentDetails.tsx(1,8): error TS6133: 'React' is declared but its value is never read.
src/pages/Marketplace.tsx(1,8): error TS6133: 'React' is declared but its value is never read.
src/pages/MyBookings.tsx(1,8): error TS6133: 'React' is declared but its value is never read.
